[INFO] Scanning for projects...
[INFO] ------------------------------------------------------------------------
[INFO] Reactor Build Order:
[INFO] 
[INFO] RuneLite                                                           [pom]
[INFO] Cache                                                              [jar]
[INFO] RuneLite Maven Plugin                                     [maven-plugin]
[INFO] RuneLite API                                                       [jar]
[INFO] RuneLite JShell                                                    [jar]
[INFO] RuneLite Client                                                    [jar]
[INFO] 
[INFO] --------------------< net.runelite:runelite-parent >--------------------
[INFO] Building RuneLite 1.11.14-SNAPSHOT                                 [1/6]
[INFO]   from pom.xml
[INFO] --------------------------------[ pom ]---------------------------------
[INFO] 
[INFO] --- lombok:1.18.20.0:delombok (default) @ runelite-parent ---
[WARNING] Skipping Delombok
[INFO] 
[INFO] -------------------------< net.runelite:cache >-------------------------
[INFO] Building Cache 1.11.14-SNAPSHOT                                    [2/6]
[INFO]   from cache\pom.xml
[INFO] --------------------------------[ jar ]---------------------------------
[INFO] 
[INFO] --- antlr4:4.13.1:antlr4 (process-resources) @ cache ---
[INFO] No grammars to process
[INFO] ANTLR 4: Processing source directory C:\Users\hp\Development\runelite\cache\src\main\antlr4
[INFO] 
[INFO] --- lombok:1.18.20.0:delombok (default) @ cache ---
[WARNING] Skipping Delombok
[INFO] 
[INFO] --- resources:3.3.1:resources (default-resources) @ cache ---
[INFO] Copying 1 resource from src\main\resources to target\classes
[INFO] 
[INFO] --- compiler:3.6.1:compile (default-compile) @ cache ---
[INFO] Nothing to compile - all classes are up to date
[INFO] 
[INFO] -----------------< net.runelite:runelite-maven-plugin >-----------------
[INFO] Building RuneLite Maven Plugin 1.11.14-SNAPSHOT                    [3/6]
[INFO]   from runelite-maven-plugin\pom.xml
[INFO] ----------------------------[ maven-plugin ]----------------------------
[INFO] 
[INFO] --- lombok:1.18.20.0:delombok (default) @ runelite-maven-plugin ---
[WARNING] Skipping Delombok
[INFO] 
[INFO] --- resources:3.3.1:resources (default-resources) @ runelite-maven-plugin ---
[INFO] skip non existing resourceDirectory C:\Users\hp\Development\runelite\runelite-maven-plugin\src\main\resources
[INFO] 
[INFO] --- compiler:3.6.1:compile (default-compile) @ runelite-maven-plugin ---
[INFO] Nothing to compile - all classes are up to date
[INFO] 
[INFO] ---------------------< net.runelite:runelite-api >----------------------
[INFO] Building RuneLite API 1.11.14-SNAPSHOT                             [4/6]
[INFO]   from runelite-api\pom.xml
[INFO] --------------------------------[ jar ]---------------------------------
[INFO] 
[INFO] --- lombok:1.18.20.0:delombok (default) @ runelite-api ---
[WARNING] Skipping Delombok
[INFO] 
[INFO] --- runelite:1.11.14-SNAPSHOT:pack-components (pack-components) @ runelite-api ---
ANTLR Tool version 4.11.1 used for code generation does not match the current runtime version 4.13.1
ANTLR Runtime version 4.11.1 used for parser compilation does not match the current runtime version 4.13.1
ANTLR Tool version 4.11.1 used for code generation does not match the current runtime version 4.13.1
ANTLR Runtime version 4.11.1 used for parser compilation does not match the current runtime version 4.13.1
[INFO] 
[INFO] --- resources:3.3.1:resources (default-resources) @ runelite-api ---
[INFO] skip non existing resourceDirectory C:\Users\hp\Development\runelite\runelite-api\src\main\resources
[INFO] 
[INFO] --- compiler:3.6.1:compile (default-compile) @ runelite-api ---
[INFO] Changes detected - recompiling the module!
[INFO] Compiling 285 source files to C:\Users\hp\Development\runelite\runelite-api\target\classes
[INFO] /C:/Users/hp/Development/runelite/runelite-api/src/main/java/net/runelite/api/Client.java: Some input files use or override a deprecated API.
[INFO] /C:/Users/hp/Development/runelite/runelite-api/src/main/java/net/runelite/api/Client.java: Recompile with -Xlint:deprecation for details.
[INFO] /C:/Users/hp/Development/runelite/runelite-api/src/main/java/net/runelite/api/geometry/Shapes.java: C:\Users\hp\Development\runelite\runelite-api\src\main\java\net\runelite\api\geometry\Shapes.java uses unchecked or unsafe operations.
[INFO] /C:/Users/hp/Development/runelite/runelite-api/src/main/java/net/runelite/api/geometry/Shapes.java: Recompile with -Xlint:unchecked for details.
[INFO] 
[INFO] ------------------------< net.runelite:jshell >-------------------------
[INFO] Building RuneLite JShell 1.11.14-SNAPSHOT                          [5/6]
[INFO]   from runelite-jshell\pom.xml
[INFO] --------------------------------[ jar ]---------------------------------
[INFO] 
[INFO] --- lombok:1.18.20.0:delombok (default) @ jshell ---
[WARNING] Skipping Delombok
[INFO] 
[INFO] --- resources:3.3.1:resources (default-resources) @ jshell ---
[INFO] Copying 3 resources from src\main\resources to target\classes
[INFO] 
[INFO] --- compiler:3.6.1:compile (default-compile) @ jshell ---
[INFO] Nothing to compile - all classes are up to date
[INFO] 
[INFO] ------------------------< net.runelite:client >-------------------------
[INFO] Building RuneLite Client 1.11.14-SNAPSHOT                          [6/6]
[INFO]   from runelite-client\pom.xml
[INFO] --------------------------------[ jar ]---------------------------------
Downloading from runelite: https://repo.runelite.net/net/runelite/injected-client/1.11.14-SNAPSHOT/maven-metadata.xml
Progress (1): 786 B                   Downloaded from runelite: https://repo.runelite.net/net/runelite/injected-client/1.11.14-SNAPSHOT/maven-metadata.xml (786 B at 699 B/s)
[INFO] 
[INFO] --- git-commit-id:2.2.6:revision (query-git-info) @ client ---
[INFO] 
[INFO] --- lombok:1.18.20.0:delombok (default) @ client ---
[WARNING] Skipping Delombok
[INFO] 
[INFO] --- runelite:1.11.14-SNAPSHOT:assemble (assemble) @ client ---
[debug] Assembling C:\Users\hp\Development\runelite\runelite-client\src\main\scripts\BankMainBuild.rs2asm
[debug] Assembling C:\Users\hp\Development\runelite\runelite-client\src\main\scripts\BankpinButtonSetup.rs2asm
[debug] Assembling C:\Users\hp\Development\runelite\runelite-client\src\main\scripts\BankSearchFilter.rs2asm
[debug] Assembling C:\Users\hp\Development\runelite\runelite-client\src\main\scripts\ChatboxInputWidgetBuilder.rs2asm
[debug] Assembling C:\Users\hp\Development\runelite\runelite-client\src\main\scripts\ChatBuilder.rs2asm
[debug] Assembling C:\Users\hp\Development\runelite\runelite-client\src\main\scripts\ChatDefaultOnKey.rs2asm
[debug] Assembling C:\Users\hp\Development\runelite\runelite-client\src\main\scripts\ChatSend.rs2asm
[debug] Assembling C:\Users\hp\Development\runelite\runelite-client\src\main\scripts\ChatSplitBuilder.rs2asm
[debug] Assembling C:\Users\hp\Development\runelite\runelite-client\src\main\scripts\ChatTimestamp.rs2asm
[debug] Assembling C:\Users\hp\Development\runelite\runelite-client\src\main\scripts\CombatInterfaceSP.rs2asm
[debug] Assembling C:\Users\hp\Development\runelite\runelite-client\src\main\scripts\DestroyOnOpKey.rs2asm
[debug] Assembling C:\Users\hp\Development\runelite\runelite-client\src\main\scripts\ExamineItem.rs2asm
[debug] Assembling C:\Users\hp\Development\runelite\runelite-client\src\main\scripts\FakeXpDrop.rs2asm
[debug] Assembling C:\Users\hp\Development\runelite\runelite-client\src\main\scripts\FriendsChatSendKick.rs2asm
[debug] Assembling C:\Users\hp\Development\runelite\runelite-client\src\main\scripts\FriendUpdate.rs2asm
[debug] Assembling C:\Users\hp\Development\runelite\runelite-client\src\main\scripts\GeExamineInfoText.rs2asm
[debug] Assembling C:\Users\hp\Development\runelite\runelite-client\src\main\scripts\GELayout.rs2asm
[debug] Assembling C:\Users\hp\Development\runelite\runelite-client\src\main\scripts\IgnoreUpdate.rs2asm
[debug] Assembling C:\Users\hp\Development\runelite\runelite-client\src\main\scripts\LayoutResizableStones.rs2asm
[debug] Assembling C:\Users\hp\Development\runelite\runelite-client\src\main\scripts\MagicSpellbookRedraw.rs2asm
[debug] Assembling C:\Users\hp\Development\runelite\runelite-client\src\main\scripts\NewOptionsPanelZoomListener.rs2asm
[debug] Assembling C:\Users\hp\Development\runelite\runelite-client\src\main\scripts\NewOptionsPanelZoomSetter.rs2asm
[debug] Assembling C:\Users\hp\Development\runelite\runelite-client\src\main\scripts\NewOptionsPanelZoomSlider.rs2asm
[debug] Assembling C:\Users\hp\Development\runelite\runelite-client\src\main\scripts\null.rs2asm
[debug] Assembling C:\Users\hp\Development\runelite\runelite-client\src\main\scripts\OpenBankSearchInput.rs2asm
[debug] Assembling C:\Users\hp\Development\runelite\runelite-client\src\main\scripts\OptionsPanelRebuilder.rs2asm
[debug] Assembling C:\Users\hp\Development\runelite\runelite-client\src\main\scripts\OptionsPanelZoomMouseListener.rs2asm
[debug] Assembling C:\Users\hp\Development\runelite\runelite-client\src\main\scripts\OptionsPanelZoomUpdater.rs2asm
[debug] Assembling C:\Users\hp\Development\runelite\runelite-client\src\main\scripts\PrivateMessage.rs2asm
[debug] Assembling C:\Users\hp\Development\runelite\runelite-client\src\main\scripts\QuestFilter.rs2asm
[debug] Assembling C:\Users\hp\Development\runelite\runelite-client\src\main\scripts\ScrollWheelZoomHandler.rs2asm
[debug] Assembling C:\Users\hp\Development\runelite\runelite-client\src\main\scripts\SendPrivateMessage.rs2asm
[debug] Assembling C:\Users\hp\Development\runelite\runelite-client\src\main\scripts\SkillTabBuilder.rs2asm
[debug] Assembling C:\Users\hp\Development\runelite\runelite-client\src\main\scripts\SkillTabTotalLevel.rs2asm
[debug] Assembling C:\Users\hp\Development\runelite\runelite-client\src\main\scripts\TriggerBankLayout.rs2asm
[debug] Assembling C:\Users\hp\Development\runelite\runelite-client\src\main\scripts\ZoomHandler.rs2asm
[info] Assembled 36 scripts
[INFO] 
[INFO] --- runelite:1.11.14-SNAPSHOT:build-index (build-index) @ client ---
[INFO] 
[INFO] --- resources:3.0.2:resources (default-resources) @ client ---
[INFO] Using 'UTF-8' encoding to copy filtered resources.
[INFO] Copying 700 resources
[INFO] Copying 1 resource
[INFO] 
[INFO] --- compiler:3.6.1:compile (default-compile) @ client ---
[INFO] Changes detected - recompiling the module!
[INFO] Compiling 1671 source files to C:\Users\hp\Development\runelite\runelite-client\target\classes
[INFO] /C:/Users/hp/Development/runelite/runelite-client/src/main/java/net/runelite/client/plugins/externals/oneclick/clickables/skilling/farming/utils/FarmingPlot.java: Some input files use or override a deprecated API.
[INFO] /C:/Users/hp/Development/runelite/runelite-client/src/main/java/net/runelite/client/plugins/externals/oneclick/clickables/skilling/farming/utils/FarmingPlot.java: Recompile with -Xlint:deprecation for details.
[INFO] /C:/Users/hp/Development/runelite/runelite-client/src/main/java/net/runelite/client/config/ConfigManager.java: Some input files use unchecked or unsafe operations.
[INFO] /C:/Users/hp/Development/runelite/runelite-client/src/main/java/net/runelite/client/config/ConfigManager.java: Recompile with -Xlint:unchecked for details.
[INFO] Some messages have been simplified; recompile with -Xdiags:verbose to get full output
[INFO] -------------------------------------------------------------
[ERROR] COMPILATION ERROR : 
[INFO] -------------------------------------------------------------
[ERROR] /C:/Users/hp/Development/runelite/runelite-client/src/main/java/net/runelite/client/plugins/externals/oneclick/clickables/Clickable.java:[82,23] cannot find symbol
  symbol:   method setSelectedSpellWidget(int)
  location: variable client of type net.runelite.api.Client
[ERROR] /C:/Users/hp/Development/runelite/runelite-client/src/main/java/net/runelite/client/plugins/externals/oneclick/clickables/Clickable.java:[83,23] cannot find symbol
  symbol:   method setSelectedSpellChildIndex(int)
  location: variable client of type net.runelite.api.Client
[ERROR] /C:/Users/hp/Development/runelite/runelite-client/src/main/java/net/runelite/client/plugins/externals/oneclick/clickables/Clickable.java:[84,23] cannot find symbol
  symbol:   method setSelectedSpellItemId(int)
  location: variable client of type net.runelite.api.Client
[ERROR] /C:/Users/hp/Development/runelite/runelite-client/src/main/java/net/runelite/client/plugins/externals/oneclick/clickables/Clickable.java:[85,23] cannot find symbol
  symbol:   method setSpellSelected(boolean)
  location: variable client of type net.runelite.api.Client
[ERROR] /C:/Users/hp/Development/runelite/runelite-client/src/main/java/net/runelite/client/plugins/externals/oneclick/clickables/Clickable.java:[97,23] cannot find symbol
  symbol:   method setSelectedSpellName(java.lang.String)
  location: variable client of type net.runelite.api.Client
[ERROR] /C:/Users/hp/Development/runelite/runelite-client/src/main/java/net/runelite/client/plugins/externals/oneclick/clickables/Clickable.java:[98,23] cannot find symbol
  symbol:   method setSelectedSpellWidget(int)
  location: variable client of type net.runelite.api.Client
[ERROR] /C:/Users/hp/Development/runelite/runelite-client/src/main/java/net/runelite/client/plugins/externals/oneclick/clickables/Clickable.java:[99,23] cannot find symbol
  symbol:   method setSelectedSpellChildIndex(int)
  location: variable client of type net.runelite.api.Client
[ERROR] /C:/Users/hp/Development/runelite/runelite-client/src/main/java/net/runelite/client/plugins/externals/oneclick/OneClick.java:[168,54] cannot find symbol
  symbol:   method getMenuOptionCount()
  location: variable client of type net.runelite.api.Client
[ERROR] /C:/Users/hp/Development/runelite/runelite-client/src/main/java/net/runelite/client/plugins/externals/oneclick/OneClick.java:[176,46] cannot find symbol
  symbol:   method getMenuOptionCount()
  location: variable client of type net.runelite.api.Client
[ERROR] /C:/Users/hp/Development/runelite/runelite-client/src/main/java/net/runelite/client/plugins/externals/oneclick/OneClick.java:[236,41] cannot find symbol
  symbol:   method getItemComposition(int)
  location: variable client of type net.runelite.api.Client
[ERROR] /C:/Users/hp/Development/runelite/runelite-client/src/main/java/net/runelite/client/plugins/externals/oneclick/OneClick.java:[289,25] cannot find symbol
  symbol:   method splitToStream(java.lang.String)
  location: class com.google.common.base.Splitter
[ERROR] /C:/Users/hp/Development/runelite/runelite-client/src/main/java/net/runelite/client/plugins/externals/oneclick/pojos/CustomItem.java:[22,42] cannot find symbol
  symbol:   method getItemComposition(int)
  location: variable client of type net.runelite.api.Client
[ERROR] /C:/Users/hp/Development/runelite/runelite-client/src/main/java/net/runelite/client/plugins/externals/oneclick/pojos/CustomItem.java:[23,41] cannot find symbol
  symbol:   method getItemComposition(int)
  location: variable client of type net.runelite.api.Client
[ERROR] /C:/Users/hp/Development/runelite/runelite-client/src/main/java/net/runelite/client/plugins/cerberus/util/OverlayUtil.java:[27,56] cannot find symbol
  symbol:   method getWidgetInfo()
  location: variable prayer of type net.runelite.api.Prayer
[ERROR] /C:/Users/hp/Development/runelite/runelite-client/src/main/java/net/runelite/client/plugins/menuentryswapperextended/MenuEntrySwapperExtendedPlugin.java:[687,37] method standardize in class net.runelite.client.util.Text cannot be applied to given types;
  required: java.lang.String
  found:    java.lang.String,boolean
  reason: actual and formal argument lists differ in length
[ERROR] /C:/Users/hp/Development/runelite/runelite-client/src/main/java/net/runelite/client/plugins/menuentryswapperextended/MenuEntrySwapperExtendedPlugin.java:[803,41] cannot find symbol
  symbol:   method getCachedNPCs()
  location: variable client of type net.runelite.api.Client
[ERROR] /C:/Users/hp/Development/runelite/runelite-client/src/main/java/net/runelite/client/plugins/menuentryswapperextended/MenuEntrySwapperExtendedPlugin.java:[812,35] cannot find symbol
  symbol:   method getSpellSelected()
  location: variable client of type net.runelite.api.Client
[ERROR] /C:/Users/hp/Development/runelite/runelite-client/src/main/java/net/runelite/client/plugins/menuentryswapperextended/MenuEntrySwapperExtendedPlugin.java:[812,113] cannot find symbol
  symbol:   method getSelectedSpellName()
  location: variable client of type net.runelite.api.Client
[ERROR] /C:/Users/hp/Development/runelite/runelite-client/src/main/java/net/runelite/client/plugins/menuentryswapperextended/util/CustomSwaps.java:[293,33] cannot find symbol
  symbol:   variable Text
  location: class net.runelite.client.plugins.menuentryswapperextended.util.CustomSwaps
[ERROR] /C:/Users/hp/Development/runelite/runelite-client/src/main/java/net/runelite/client/plugins/menuentryswapperextended/util/CustomSwaps.java:[294,33] cannot find symbol
  symbol:   variable Text
  location: class net.runelite.client.plugins.menuentryswapperextended.util.CustomSwaps
[ERROR] /C:/Users/hp/Development/runelite/runelite-client/src/main/java/net/runelite/client/plugins/menuentryswapperextended/util/CustomSwaps.java:[323,41] cannot find symbol
  symbol:   variable Text
  location: class net.runelite.client.plugins.menuentryswapperextended.util.CustomSwaps
[ERROR] /C:/Users/hp/Development/runelite/runelite-client/src/main/java/net/runelite/client/plugins/menuentryswapperextended/util/CustomSwaps.java:[323,58] cannot find symbol
  symbol:   variable Text
  location: class net.runelite.client.plugins.menuentryswapperextended.util.CustomSwaps
[ERROR] /C:/Users/hp/Development/runelite/runelite-client/src/main/java/net/runelite/client/plugins/menuentryswapperextended/util/CustomSwaps.java:[324,41] cannot find symbol
  symbol:   variable Text
  location: class net.runelite.client.plugins.menuentryswapperextended.util.CustomSwaps
[ERROR] /C:/Users/hp/Development/runelite/runelite-client/src/main/java/net/runelite/client/plugins/menuentryswapperextended/util/CustomSwaps.java:[324,58] cannot find symbol
  symbol:   variable Text
  location: class net.runelite.client.plugins.menuentryswapperextended.util.CustomSwaps
[ERROR] /C:/Users/hp/Development/runelite/runelite-client/src/main/java/net/runelite/client/plugins/menuentryswapperextended/util/CustomSwaps.java:[353,39] cannot find symbol
  symbol:   variable Text
  location: class net.runelite.client.plugins.menuentryswapperextended.util.CustomSwaps
[ERROR] /C:/Users/hp/Development/runelite/runelite-client/src/main/java/net/runelite/client/plugins/menuentryswapperextended/util/CustomSwaps.java:[353,56] cannot find symbol
  symbol:   variable Text
  location: class net.runelite.client.plugins.menuentryswapperextended.util.CustomSwaps
[ERROR] /C:/Users/hp/Development/runelite/runelite-client/src/main/java/net/runelite/client/plugins/menuentryswapperextended/util/CustomSwaps.java:[354,41] cannot find symbol
  symbol:   variable Text
  location: class net.runelite.client.plugins.menuentryswapperextended.util.CustomSwaps
[ERROR] /C:/Users/hp/Development/runelite/runelite-client/src/main/java/net/runelite/client/plugins/menuentryswapperextended/util/CustomSwaps.java:[354,58] cannot find symbol
  symbol:   variable Text
  location: class net.runelite.client.plugins.menuentryswapperextended.util.CustomSwaps
[ERROR] /C:/Users/hp/Development/runelite/runelite-client/src/main/java/net/runelite/client/plugins/menuentryswapperextended/util/CustomSwaps.java:[424,39] cannot find symbol
  symbol:   variable Text
  location: class net.runelite.client.plugins.menuentryswapperextended.util.CustomSwaps
[ERROR] /C:/Users/hp/Development/runelite/runelite-client/src/main/java/net/runelite/client/plugins/menuentryswapperextended/util/CustomSwaps.java:[425,41] cannot find symbol
  symbol:   variable Text
  location: class net.runelite.client.plugins.menuentryswapperextended.util.CustomSwaps
[ERROR] /C:/Users/hp/Development/runelite/runelite-client/src/main/java/net/runelite/client/plugins/spellbook/SpellbookPlugin.java:[133,17] cannot find symbol
  symbol:   method refreshMagicTabOption()
  location: class net.runelite.client.plugins.spellbook.SpellbookPlugin
[ERROR] /C:/Users/hp/Development/runelite/runelite-client/src/main/java/net/runelite/client/plugins/spellbook/SpellbookPlugin.java:[139,17] cannot find symbol
  symbol:   method clearMagicTabMenus()
  location: class net.runelite.client.plugins.spellbook.SpellbookPlugin
[ERROR] /C:/Users/hp/Development/runelite/runelite-client/src/main/java/net/runelite/client/plugins/spellbook/SpellbookPlugin.java:[160,17] cannot find symbol
  symbol:   method refreshMagicTabOption()
  location: class net.runelite.client.plugins.spellbook.SpellbookPlugin
[ERROR] /C:/Users/hp/Development/runelite/runelite-client/src/main/java/net/runelite/client/plugins/spellbook/SpellbookPlugin.java:[176,25] cannot find symbol
  symbol:   method refreshMagicTabOption()
  location: class net.runelite.client.plugins.spellbook.SpellbookPlugin
[ERROR] /C:/Users/hp/Development/runelite/runelite-client/src/main/java/net/runelite/client/plugins/spellbook/SpellbookPlugin.java:[216,59] cannot find symbol
  symbol:   variable RESIZABLE_VIEWPORT_BOTTOM_LINE_MAGIC_TAB
  location: class net.runelite.api.widgets.WidgetInfo
[ERROR] /C:/Users/hp/Development/runelite/runelite-client/src/main/java/net/runelite/client/plugins/spellbook/SpellbookPlugin.java:[247,17] cannot find symbol
  symbol:   method refreshMagicTabOption()
  location: class net.runelite.client.plugins.spellbook.SpellbookPlugin
[ERROR] /C:/Users/hp/Development/runelite/runelite-client/src/main/java/net/runelite/client/plugins/spellbook/SpellbookPlugin.java:[265,47] cannot find symbol
  symbol:   method getStringStack()
  location: variable client of type net.runelite.api.Client
[ERROR] /C:/Users/hp/Development/runelite/runelite-client/src/main/java/net/runelite/client/plugins/spellbook/SpellbookPlugin.java:[266,46] cannot find symbol
  symbol:   method getStringStackSize()
  location: variable client of type net.runelite.api.Client
[ERROR] /C:/Users/hp/Development/runelite/runelite-client/src/main/java/net/runelite/client/plugins/spellbook/SpellbookPlugin.java:[435,69] cannot find symbol
  symbol:   variable SPELLBOOK
  location: class net.runelite.client.plugins.spellbook.SpellbookPlugin
[ERROR] /C:/Users/hp/Development/runelite/runelite-client/src/main/java/net/runelite/client/plugins/spellbook/SpellbookPlugin.java:[459,56] cannot find symbol
  symbol:   variable SPELLBOOK_FILTERED_BOUNDS
  location: class net.runelite.client.plugins.spellbook.SpellbookPlugin
[ERROR] /C:/Users/hp/Development/runelite/runelite-client/src/main/java/net/runelite/client/plugins/spellbook/SpellbookPlugin.java:[467,30] cannot find symbol
  symbol:   method containsMouse()
  location: variable w of type net.runelite.api.widgets.Widget
[ERROR] /C:/Users/hp/Development/runelite/runelite-client/src/main/java/net/runelite/client/plugins/spellbook/SpellbookPlugin.java:[497,58] cannot find symbol
  symbol:   variable SPELLBOOK_FILTERED_BOUNDS
  location: class net.runelite.client.plugins.spellbook.SpellbookPlugin
[ERROR] /C:/Users/hp/Development/runelite/runelite-client/src/main/java/net/runelite/client/plugins/spellbook/SpellbookDragOverlay.java:[65,71] cannot find symbol
  symbol:   method getSprite()
  location: interface net.runelite.api.widgets.Widget
[ERROR] /C:/Users/hp/Development/runelite/runelite-client/src/main/java/net/runelite/client/plugins/effecttimers/EffectTimersPlugin.java:[141,39] cannot find symbol
  symbol:   method isAllPvpWorld(java.util.EnumSet<net.runelite.api.WorldType>)
  location: class net.runelite.api.WorldType
[ERROR] /C:/Users/hp/Development/runelite/runelite-client/src/main/java/net/runelite/client/plugins/effecttimers/EffectTimersPlugin.java:[150,43] cannot find symbol
  symbol:   method isDeadmanWorld(java.util.EnumSet<net.runelite.api.WorldType>)
  location: class net.runelite.api.WorldType
[ERROR] /C:/Users/hp/Development/runelite/runelite-client/src/main/java/net/runelite/client/plugins/externals/autoprayflick/AutoPrayFlickPlugin.java:[252,52] incompatible types: int cannot be converted to java.lang.String
[ERROR] /C:/Users/hp/Development/runelite/runelite-client/src/main/java/net/runelite/client/plugins/externals/autoprayflick/AutoPrayFlickPlugin.java:[256,39] cannot find symbol
  symbol:   method setVar(int,java.lang.String)
  location: variable client of type net.runelite.api.Client
[ERROR] /C:/Users/hp/Development/runelite/runelite-client/src/main/java/net/runelite/client/plugins/externals/utils/ExtUtils.java:[75,28] cannot find symbol
  symbol:   class GameObjectQuery
  location: class net.runelite.client.plugins.externals.utils.ExtUtils
[ERROR] /C:/Users/hp/Development/runelite/runelite-client/src/main/java/net/runelite/client/plugins/externals/utils/ExtUtils.java:[91,28] cannot find symbol
  symbol:   class WallObjectQuery
  location: class net.runelite.client.plugins.externals.utils.ExtUtils
[ERROR] /C:/Users/hp/Development/runelite/runelite-client/src/main/java/net/runelite/client/plugins/externals/utils/ExtUtils.java:[107,28] cannot find symbol
  symbol:   class DecorativeObjectQuery
  location: class net.runelite.client.plugins.externals.utils.ExtUtils
[ERROR] /C:/Users/hp/Development/runelite/runelite-client/src/main/java/net/runelite/client/plugins/externals/utils/ExtUtils.java:[123,28] cannot find symbol
  symbol:   class GroundObjectQuery
  location: class net.runelite.client.plugins.externals.utils.ExtUtils
[ERROR] /C:/Users/hp/Development/runelite/runelite-client/src/main/java/net/runelite/client/plugins/externals/utils/ExtUtils.java:[138,28] cannot find symbol
  symbol:   class GameObjectQuery
  location: class net.runelite.client.plugins.externals.utils.ExtUtils
[ERROR] /C:/Users/hp/Development/runelite/runelite-client/src/main/java/net/runelite/client/plugins/externals/utils/ExtUtils.java:[153,28] cannot find symbol
  symbol:   class WallObjectQuery
  location: class net.runelite.client.plugins.externals.utils.ExtUtils
[ERROR] /C:/Users/hp/Development/runelite/runelite-client/src/main/java/net/runelite/client/plugins/externals/utils/ExtUtils.java:[168,28] cannot find symbol
  symbol:   class DecorativeObjectQuery
  location: class net.runelite.client.plugins.externals.utils.ExtUtils
[ERROR] /C:/Users/hp/Development/runelite/runelite-client/src/main/java/net/runelite/client/plugins/externals/utils/ExtUtils.java:[183,28] cannot find symbol
  symbol:   class GroundObjectQuery
  location: class net.runelite.client.plugins.externals.utils.ExtUtils
[ERROR] /C:/Users/hp/Development/runelite/runelite-client/src/main/java/net/runelite/client/plugins/pvptools/PlayerCountOverlay.java:[59,42] cannot find symbol
  symbol:   method isDeadmanWorld(java.util.EnumSet<net.runelite.api.WorldType>)
  location: class net.runelite.api.WorldType
[ERROR] /C:/Users/hp/Development/runelite/runelite-client/src/main/java/net/runelite/client/plugins/pvptools/PlayerCountOverlay.java:[62,25] cannot find symbol
  symbol:   class TableComponent
  location: class net.runelite.client.plugins.pvptools.PlayerCountOverlay
[ERROR] /C:/Users/hp/Development/runelite/runelite-client/src/main/java/net/runelite/client/plugins/pvptools/PlayerCountOverlay.java:[62,61] cannot find symbol
  symbol:   class TableComponent
  location: class net.runelite.client.plugins.pvptools.PlayerCountOverlay
[ERROR] /C:/Users/hp/Development/runelite/runelite-client/src/main/java/net/runelite/client/plugins/pvptools/PlayerCountOverlay.java:[63,25] cannot find symbol
  symbol:   class TableElement
  location: class net.runelite.client.plugins.pvptools.PlayerCountOverlay
[ERROR] /C:/Users/hp/Development/runelite/runelite-client/src/main/java/net/runelite/client/plugins/pvptools/PlayerCountOverlay.java:[64,33] cannot find symbol
  symbol:   variable TableElement
  location: class net.runelite.client.plugins.pvptools.PlayerCountOverlay
[ERROR] /C:/Users/hp/Development/runelite/runelite-client/src/main/java/net/runelite/client/plugins/pvptools/PlayerCountOverlay.java:[65,33] cannot find symbol
  symbol:   variable TableElement
  location: class net.runelite.client.plugins.pvptools.PlayerCountOverlay
[ERROR] /C:/Users/hp/Development/runelite/runelite-client/src/main/java/net/runelite/client/plugins/pvptools/PlayerCountOverlay.java:[66,25] cannot find symbol
  symbol:   class TableRow
  location: class net.runelite.client.plugins.pvptools.PlayerCountOverlay
[ERROR] /C:/Users/hp/Development/runelite/runelite-client/src/main/java/net/runelite/client/plugins/pvptools/PlayerCountOverlay.java:[66,45] cannot find symbol
  symbol:   variable TableRow
  location: class net.runelite.client.plugins.pvptools.PlayerCountOverlay
[ERROR] /C:/Users/hp/Development/runelite/runelite-client/src/main/java/net/runelite/client/plugins/pvptools/PlayerCountOverlay.java:[67,25] cannot find symbol
  symbol:   class TableElement
  location: class net.runelite.client.plugins.pvptools.PlayerCountOverlay
[ERROR] /C:/Users/hp/Development/runelite/runelite-client/src/main/java/net/runelite/client/plugins/pvptools/PlayerCountOverlay.java:[68,33] cannot find symbol
  symbol:   variable TableElement
  location: class net.runelite.client.plugins.pvptools.PlayerCountOverlay
[ERROR] /C:/Users/hp/Development/runelite/runelite-client/src/main/java/net/runelite/client/plugins/pvptools/PlayerCountOverlay.java:[69,33] cannot find symbol
  symbol:   variable TableElement
  location: class net.runelite.client.plugins.pvptools.PlayerCountOverlay
[ERROR] /C:/Users/hp/Development/runelite/runelite-client/src/main/java/net/runelite/client/plugins/pvptools/PlayerCountOverlay.java:[70,25] cannot find symbol
  symbol:   class TableRow
  location: class net.runelite.client.plugins.pvptools.PlayerCountOverlay
[ERROR] /C:/Users/hp/Development/runelite/runelite-client/src/main/java/net/runelite/client/plugins/pvptools/PlayerCountOverlay.java:[70,46] cannot find symbol
  symbol:   variable TableRow
  location: class net.runelite.client.plugins.pvptools.PlayerCountOverlay
[ERROR] /C:/Users/hp/Development/runelite/runelite-client/src/main/java/net/runelite/client/plugins/pvptools/PvpToolsPlugin.java:[155,53] cannot find symbol
  symbol:   method getRenderSelf()
  location: variable client of type net.runelite.api.Client
[ERROR] /C:/Users/hp/Development/runelite/runelite-client/src/main/java/net/runelite/client/plugins/pvptools/PvpToolsPlugin.java:[329,47] cannot find symbol
  symbol:   method setHideFriendAttackOptions(boolean)
  location: variable client of type net.runelite.api.Client
[ERROR] /C:/Users/hp/Development/runelite/runelite-client/src/main/java/net/runelite/client/plugins/pvptools/PvpToolsPlugin.java:[330,47] cannot find symbol
  symbol:   method setHideClanmateAttackOptions(boolean)
  location: variable client of type net.runelite.api.Client
[ERROR] /C:/Users/hp/Development/runelite/runelite-client/src/main/java/net/runelite/client/plugins/pvptools/PvpToolsPlugin.java:[519,43] bad operand types for binary operator '!='
  first type:  int
  second type: <nulltype>
[ERROR] /C:/Users/hp/Development/runelite/runelite-client/src/main/java/net/runelite/client/plugins/pvptools/PvpToolsPlugin.java:[523,43] bad operand types for binary operator '=='
  first type:  int
  second type: <nulltype>
[ERROR] /C:/Users/hp/Development/runelite/runelite-client/src/main/java/net/runelite/client/plugins/pvptools/PvpToolsPlugin.java:[572,39] cannot find symbol
  symbol:   method setHideClanmateAttackOptions(boolean)
  location: variable client of type net.runelite.api.Client
[ERROR] /C:/Users/hp/Development/runelite/runelite-client/src/main/java/net/runelite/client/plugins/pvptools/PvpToolsPlugin.java:[573,39] cannot find symbol
  symbol:   method setHideFriendAttackOptions(boolean)
  location: variable client of type net.runelite.api.Client
[ERROR] /C:/Users/hp/Development/runelite/runelite-client/src/main/java/net/runelite/client/plugins/pvptools/PvpToolsPlugin.java:[576,39] cannot find symbol
  symbol:   method setHideFriendAttackOptions(boolean)
  location: variable client of type net.runelite.api.Client
[ERROR] /C:/Users/hp/Development/runelite/runelite-client/src/main/java/net/runelite/client/plugins/pvptools/PvpToolsPlugin.java:[577,39] cannot find symbol
  symbol:   method setHideClanmateAttackOptions(boolean)
  location: variable client of type net.runelite.api.Client
[ERROR] /C:/Users/hp/Development/runelite/runelite-client/src/main/java/net/runelite/client/plugins/pvptools/PvpToolsPlugin.java:[580,39] cannot find symbol
  symbol:   method setHideClanmateAttackOptions(boolean)
  location: variable client of type net.runelite.api.Client
[ERROR] /C:/Users/hp/Development/runelite/runelite-client/src/main/java/net/runelite/client/plugins/pvptools/PvpToolsPlugin.java:[581,39] cannot find symbol
  symbol:   method setHideFriendAttackOptions(boolean)
  location: variable client of type net.runelite.api.Client
[ERROR] /C:/Users/hp/Development/runelite/runelite-client/src/main/java/net/runelite/client/plugins/pvptools/PvpToolsPlugin.java:[596,39] cannot find symbol
  symbol:   method setHideClanmateCastOptions(boolean)
  location: variable client of type net.runelite.api.Client
[ERROR] /C:/Users/hp/Development/runelite/runelite-client/src/main/java/net/runelite/client/plugins/pvptools/PvpToolsPlugin.java:[597,39] cannot find symbol
  symbol:   method setHideFriendCastOptions(boolean)
  location: variable client of type net.runelite.api.Client
[ERROR] /C:/Users/hp/Development/runelite/runelite-client/src/main/java/net/runelite/client/plugins/pvptools/PvpToolsPlugin.java:[600,39] cannot find symbol
  symbol:   method setHideFriendCastOptions(boolean)
  location: variable client of type net.runelite.api.Client
[ERROR] /C:/Users/hp/Development/runelite/runelite-client/src/main/java/net/runelite/client/plugins/pvptools/PvpToolsPlugin.java:[601,39] cannot find symbol
  symbol:   method setHideClanmateCastOptions(boolean)
  location: variable client of type net.runelite.api.Client
[ERROR] /C:/Users/hp/Development/runelite/runelite-client/src/main/java/net/runelite/client/plugins/pvptools/PvpToolsPlugin.java:[604,39] cannot find symbol
  symbol:   method setHideClanmateCastOptions(boolean)
  location: variable client of type net.runelite.api.Client
[ERROR] /C:/Users/hp/Development/runelite/runelite-client/src/main/java/net/runelite/client/plugins/pvptools/PvpToolsPlugin.java:[605,39] cannot find symbol
  symbol:   method setHideFriendCastOptions(boolean)
  location: variable client of type net.runelite.api.Client
[ERROR] /C:/Users/hp/Development/runelite/runelite-client/src/main/java/net/runelite/client/plugins/pvptools/PvpToolsPlugin.java:[615,100] cannot find symbol
  symbol:   method isAllPvpWorld(java.util.EnumSet<net.runelite.api.WorldType>)
  location: class net.runelite.api.WorldType
[ERROR] /C:/Users/hp/Development/runelite/runelite-client/src/main/java/net/runelite/client/plugins/pvptools/PvpToolsPlugin.java:[626,39] cannot find symbol
  symbol:   method setHideFriendAttackOptions(boolean)
  location: variable client of type net.runelite.api.Client
[ERROR] /C:/Users/hp/Development/runelite/runelite-client/src/main/java/net/runelite/client/plugins/pvptools/PvpToolsPlugin.java:[627,39] cannot find symbol
  symbol:   method setHideClanmateAttackOptions(boolean)
  location: variable client of type net.runelite.api.Client
[ERROR] /C:/Users/hp/Development/runelite/runelite-client/src/main/java/net/runelite/client/plugins/pvptools/PvpToolsPlugin.java:[636,39] cannot find symbol
  symbol:   method setHideFriendCastOptions(boolean)
  location: variable client of type net.runelite.api.Client
[ERROR] /C:/Users/hp/Development/runelite/runelite-client/src/main/java/net/runelite/client/plugins/pvptools/PvpToolsPlugin.java:[637,39] cannot find symbol
  symbol:   method setHideClanmateCastOptions(boolean)
  location: variable client of type net.runelite.api.Client
[ERROR] /C:/Users/hp/Development/runelite/runelite-client/src/main/java/net/runelite/client/plugins/pvptools/PvpToolsPlugin.java:[640,31] cannot find symbol
  symbol:   method setUnhiddenCasts(java.util.HashSet<java.lang.String>)
  location: variable client of type net.runelite.api.Client
[ERROR] /C:/Users/hp/Development/runelite/runelite-client/src/main/java/net/runelite/client/plugins/pvptools/PvpToolsPlugin.java:[655,31] cannot find symbol
  symbol:   method setHideFriendAttackOptions(boolean)
  location: variable client of type net.runelite.api.Client
[ERROR] /C:/Users/hp/Development/runelite/runelite-client/src/main/java/net/runelite/client/plugins/pvptools/PvpToolsPlugin.java:[656,31] cannot find symbol
  symbol:   method setHideFriendCastOptions(boolean)
  location: variable client of type net.runelite.api.Client
[ERROR] /C:/Users/hp/Development/runelite/runelite-client/src/main/java/net/runelite/client/plugins/coxhelper/CoxPlugin.java:[245,53] cannot find symbol
  symbol:   variable OLM_BURN
  location: class net.runelite.api.GraphicID
[ERROR] /C:/Users/hp/Development/runelite/runelite-client/src/main/java/net/runelite/client/plugins/coxhelper/Olm.java:[231,51] cannot find symbol
  symbol:   variable OLM_TELEPORT
  location: class net.runelite.api.GraphicID
[ERROR] /C:/Users/hp/Development/runelite/runelite-client/src/main/java/net/runelite/client/plugins/coxhelper/Olm.java:[235,51] cannot find symbol
  symbol:   variable OLM_HEAL
  location: class net.runelite.api.GraphicID
[ERROR] /C:/Users/hp/Development/runelite/runelite-client/src/main/java/net/runelite/client/plugins/coxhelper/Olm.java:[258,107] cannot find symbol
  symbol:   method getAnimationID()
  location: interface net.runelite.api.DynamicObject
[ERROR] /C:/Users/hp/Development/runelite/runelite-client/src/main/java/net/runelite/client/plugins/coxhelper/Olm.java:[290,107] cannot find symbol
  symbol:   method getAnimationID()
  location: interface net.runelite.api.DynamicObject
[ERROR] /C:/Users/hp/Development/runelite/runelite-client/src/main/java/net/runelite/client/plugins/coxhelper/CoxInfoBox.java:[117,33] cannot find symbol
  symbol:   class TableComponent
  location: class net.runelite.client.plugins.coxhelper.CoxInfoBox
[ERROR] /C:/Users/hp/Development/runelite/runelite-client/src/main/java/net/runelite/client/plugins/coxhelper/CoxInfoBox.java:[117,69] cannot find symbol
  symbol:   class TableComponent
  location: class net.runelite.client.plugins.coxhelper.CoxInfoBox
[INFO] 100 errors 
[INFO] -------------------------------------------------------------
[INFO] ------------------------------------------------------------------------
[INFO] Reactor Summary for RuneLite 1.11.14-SNAPSHOT:
[INFO] 
[INFO] RuneLite ........................................... SUCCESS [  0.930 s]
[INFO] Cache .............................................. SUCCESS [  2.535 s]
[INFO] RuneLite Maven Plugin .............................. SUCCESS [  0.642 s]
[INFO] RuneLite API ....................................... SUCCESS [01:14 min]
[INFO] RuneLite JShell .................................... SUCCESS [  0.383 s]
[INFO] RuneLite Client .................................... FAILURE [01:37 min]
[INFO] ------------------------------------------------------------------------
[INFO] BUILD FAILURE
[INFO] ------------------------------------------------------------------------
[INFO] Total time:  02:56 min
[INFO] Finished at: 2025-08-10T15:58:42+01:00
[INFO] ------------------------------------------------------------------------
[ERROR] Failed to execute goal org.apache.maven.plugins:maven-compiler-plugin:3.6.1:compile (default-compile) on project client: Compilation failure: Compilation failure: 
[ERROR] /C:/Users/hp/Development/runelite/runelite-client/src/main/java/net/runelite/client/plugins/externals/oneclick/clickables/Clickable.java:[82,23] cannot find symbol
[ERROR]   symbol:   method setSelectedSpellWidget(int)
[ERROR]   location: variable client of type net.runelite.api.Client
[ERROR] /C:/Users/hp/Development/runelite/runelite-client/src/main/java/net/runelite/client/plugins/externals/oneclick/clickables/Clickable.java:[83,23] cannot find symbol
[ERROR]   symbol:   method setSelectedSpellChildIndex(int)
[ERROR]   location: variable client of type net.runelite.api.Client
[ERROR] /C:/Users/hp/Development/runelite/runelite-client/src/main/java/net/runelite/client/plugins/externals/oneclick/clickables/Clickable.java:[84,23] cannot find symbol
[ERROR]   symbol:   method setSelectedSpellItemId(int)
[ERROR]   location: variable client of type net.runelite.api.Client
[ERROR] /C:/Users/hp/Development/runelite/runelite-client/src/main/java/net/runelite/client/plugins/externals/oneclick/clickables/Clickable.java:[85,23] cannot find symbol
[ERROR]   symbol:   method setSpellSelected(boolean)
[ERROR]   location: variable client of type net.runelite.api.Client
[ERROR] /C:/Users/hp/Development/runelite/runelite-client/src/main/java/net/runelite/client/plugins/externals/oneclick/clickables/Clickable.java:[97,23] cannot find symbol
[ERROR]   symbol:   method setSelectedSpellName(java.lang.String)
[ERROR]   location: variable client of type net.runelite.api.Client
[ERROR] /C:/Users/hp/Development/runelite/runelite-client/src/main/java/net/runelite/client/plugins/externals/oneclick/clickables/Clickable.java:[98,23] cannot find symbol
[ERROR]   symbol:   method setSelectedSpellWidget(int)
[ERROR]   location: variable client of type net.runelite.api.Client
[ERROR] /C:/Users/hp/Development/runelite/runelite-client/src/main/java/net/runelite/client/plugins/externals/oneclick/clickables/Clickable.java:[99,23] cannot find symbol
[ERROR]   symbol:   method setSelectedSpellChildIndex(int)
[ERROR]   location: variable client of type net.runelite.api.Client
[ERROR] /C:/Users/hp/Development/runelite/runelite-client/src/main/java/net/runelite/client/plugins/externals/oneclick/OneClick.java:[168,54] cannot find symbol
[ERROR]   symbol:   method getMenuOptionCount()
[ERROR]   location: variable client of type net.runelite.api.Client
[ERROR] /C:/Users/hp/Development/runelite/runelite-client/src/main/java/net/runelite/client/plugins/externals/oneclick/OneClick.java:[176,46] cannot find symbol
[ERROR]   symbol:   method getMenuOptionCount()
[ERROR]   location: variable client of type net.runelite.api.Client
[ERROR] /C:/Users/hp/Development/runelite/runelite-client/src/main/java/net/runelite/client/plugins/externals/oneclick/OneClick.java:[236,41] cannot find symbol
[ERROR]   symbol:   method getItemComposition(int)
[ERROR]   location: variable client of type net.runelite.api.Client
[ERROR] /C:/Users/hp/Development/runelite/runelite-client/src/main/java/net/runelite/client/plugins/externals/oneclick/OneClick.java:[289,25] cannot find symbol
[ERROR]   symbol:   method splitToStream(java.lang.String)
[ERROR]   location: class com.google.common.base.Splitter
[ERROR] /C:/Users/hp/Development/runelite/runelite-client/src/main/java/net/runelite/client/plugins/externals/oneclick/pojos/CustomItem.java:[22,42] cannot find symbol
[ERROR]   symbol:   method getItemComposition(int)
[ERROR]   location: variable client of type net.runelite.api.Client
[ERROR] /C:/Users/hp/Development/runelite/runelite-client/src/main/java/net/runelite/client/plugins/externals/oneclick/pojos/CustomItem.java:[23,41] cannot find symbol
[ERROR]   symbol:   method getItemComposition(int)
[ERROR]   location: variable client of type net.runelite.api.Client
[ERROR] /C:/Users/hp/Development/runelite/runelite-client/src/main/java/net/runelite/client/plugins/cerberus/util/OverlayUtil.java:[27,56] cannot find symbol
[ERROR]   symbol:   method getWidgetInfo()
[ERROR]   location: variable prayer of type net.runelite.api.Prayer
[ERROR] /C:/Users/hp/Development/runelite/runelite-client/src/main/java/net/runelite/client/plugins/menuentryswapperextended/MenuEntrySwapperExtendedPlugin.java:[687,37] method standardize in class net.runelite.client.util.Text cannot be applied to given types;
[ERROR]   required: java.lang.String
[ERROR]   found:    java.lang.String,boolean
[ERROR]   reason: actual and formal argument lists differ in length
[ERROR] /C:/Users/hp/Development/runelite/runelite-client/src/main/java/net/runelite/client/plugins/menuentryswapperextended/MenuEntrySwapperExtendedPlugin.java:[803,41] cannot find symbol
[ERROR]   symbol:   method getCachedNPCs()
[ERROR]   location: variable client of type net.runelite.api.Client
[ERROR] /C:/Users/hp/Development/runelite/runelite-client/src/main/java/net/runelite/client/plugins/menuentryswapperextended/MenuEntrySwapperExtendedPlugin.java:[812,35] cannot find symbol
[ERROR]   symbol:   method getSpellSelected()
[ERROR]   location: variable client of type net.runelite.api.Client
[ERROR] /C:/Users/hp/Development/runelite/runelite-client/src/main/java/net/runelite/client/plugins/menuentryswapperextended/MenuEntrySwapperExtendedPlugin.java:[812,113] cannot find symbol
[ERROR]   symbol:   method getSelectedSpellName()
[ERROR]   location: variable client of type net.runelite.api.Client
[ERROR] /C:/Users/hp/Development/runelite/runelite-client/src/main/java/net/runelite/client/plugins/menuentryswapperextended/util/CustomSwaps.java:[293,33] cannot find symbol
[ERROR]   symbol:   variable Text
[ERROR]   location: class net.runelite.client.plugins.menuentryswapperextended.util.CustomSwaps
[ERROR] /C:/Users/hp/Development/runelite/runelite-client/src/main/java/net/runelite/client/plugins/menuentryswapperextended/util/CustomSwaps.java:[294,33] cannot find symbol
[ERROR]   symbol:   variable Text
[ERROR]   location: class net.runelite.client.plugins.menuentryswapperextended.util.CustomSwaps
[ERROR] /C:/Users/hp/Development/runelite/runelite-client/src/main/java/net/runelite/client/plugins/menuentryswapperextended/util/CustomSwaps.java:[323,41] cannot find symbol
[ERROR]   symbol:   variable Text
[ERROR]   location: class net.runelite.client.plugins.menuentryswapperextended.util.CustomSwaps
[ERROR] /C:/Users/hp/Development/runelite/runelite-client/src/main/java/net/runelite/client/plugins/menuentryswapperextended/util/CustomSwaps.java:[323,58] cannot find symbol
[ERROR]   symbol:   variable Text
[ERROR]   location: class net.runelite.client.plugins.menuentryswapperextended.util.CustomSwaps
[ERROR] /C:/Users/hp/Development/runelite/runelite-client/src/main/java/net/runelite/client/plugins/menuentryswapperextended/util/CustomSwaps.java:[324,41] cannot find symbol
[ERROR]   symbol:   variable Text
[ERROR]   location: class net.runelite.client.plugins.menuentryswapperextended.util.CustomSwaps
[ERROR] /C:/Users/hp/Development/runelite/runelite-client/src/main/java/net/runelite/client/plugins/menuentryswapperextended/util/CustomSwaps.java:[324,58] cannot find symbol
[ERROR]   symbol:   variable Text
[ERROR]   location: class net.runelite.client.plugins.menuentryswapperextended.util.CustomSwaps
[ERROR] /C:/Users/hp/Development/runelite/runelite-client/src/main/java/net/runelite/client/plugins/menuentryswapperextended/util/CustomSwaps.java:[353,39] cannot find symbol
[ERROR]   symbol:   variable Text
[ERROR]   location: class net.runelite.client.plugins.menuentryswapperextended.util.CustomSwaps
[ERROR] /C:/Users/hp/Development/runelite/runelite-client/src/main/java/net/runelite/client/plugins/menuentryswapperextended/util/CustomSwaps.java:[353,56] cannot find symbol
[ERROR]   symbol:   variable Text
[ERROR]   location: class net.runelite.client.plugins.menuentryswapperextended.util.CustomSwaps
[ERROR] /C:/Users/hp/Development/runelite/runelite-client/src/main/java/net/runelite/client/plugins/menuentryswapperextended/util/CustomSwaps.java:[354,41] cannot find symbol
[ERROR]   symbol:   variable Text
[ERROR]   location: class net.runelite.client.plugins.menuentryswapperextended.util.CustomSwaps
[ERROR] /C:/Users/hp/Development/runelite/runelite-client/src/main/java/net/runelite/client/plugins/menuentryswapperextended/util/CustomSwaps.java:[354,58] cannot find symbol
[ERROR]   symbol:   variable Text
[ERROR]   location: class net.runelite.client.plugins.menuentryswapperextended.util.CustomSwaps
[ERROR] /C:/Users/hp/Development/runelite/runelite-client/src/main/java/net/runelite/client/plugins/menuentryswapperextended/util/CustomSwaps.java:[424,39] cannot find symbol
[ERROR]   symbol:   variable Text
[ERROR]   location: class net.runelite.client.plugins.menuentryswapperextended.util.CustomSwaps
[ERROR] /C:/Users/hp/Development/runelite/runelite-client/src/main/java/net/runelite/client/plugins/menuentryswapperextended/util/CustomSwaps.java:[425,41] cannot find symbol
[ERROR]   symbol:   variable Text
[ERROR]   location: class net.runelite.client.plugins.menuentryswapperextended.util.CustomSwaps
[ERROR] /C:/Users/hp/Development/runelite/runelite-client/src/main/java/net/runelite/client/plugins/spellbook/SpellbookPlugin.java:[133,17] cannot find symbol
[ERROR]   symbol:   method refreshMagicTabOption()
[ERROR]   location: class net.runelite.client.plugins.spellbook.SpellbookPlugin
[ERROR] /C:/Users/hp/Development/runelite/runelite-client/src/main/java/net/runelite/client/plugins/spellbook/SpellbookPlugin.java:[139,17] cannot find symbol
[ERROR]   symbol:   method clearMagicTabMenus()
[ERROR]   location: class net.runelite.client.plugins.spellbook.SpellbookPlugin
[ERROR] /C:/Users/hp/Development/runelite/runelite-client/src/main/java/net/runelite/client/plugins/spellbook/SpellbookPlugin.java:[160,17] cannot find symbol
[ERROR]   symbol:   method refreshMagicTabOption()
[ERROR]   location: class net.runelite.client.plugins.spellbook.SpellbookPlugin
[ERROR] /C:/Users/hp/Development/runelite/runelite-client/src/main/java/net/runelite/client/plugins/spellbook/SpellbookPlugin.java:[176,25] cannot find symbol
[ERROR]   symbol:   method refreshMagicTabOption()
[ERROR]   location: class net.runelite.client.plugins.spellbook.SpellbookPlugin
[ERROR] /C:/Users/hp/Development/runelite/runelite-client/src/main/java/net/runelite/client/plugins/spellbook/SpellbookPlugin.java:[216,59] cannot find symbol
[ERROR]   symbol:   variable RESIZABLE_VIEWPORT_BOTTOM_LINE_MAGIC_TAB
[ERROR]   location: class net.runelite.api.widgets.WidgetInfo
[ERROR] /C:/Users/hp/Development/runelite/runelite-client/src/main/java/net/runelite/client/plugins/spellbook/SpellbookPlugin.java:[247,17] cannot find symbol
[ERROR]   symbol:   method refreshMagicTabOption()
[ERROR]   location: class net.runelite.client.plugins.spellbook.SpellbookPlugin
[ERROR] /C:/Users/hp/Development/runelite/runelite-client/src/main/java/net/runelite/client/plugins/spellbook/SpellbookPlugin.java:[265,47] cannot find symbol
[ERROR]   symbol:   method getStringStack()
[ERROR]   location: variable client of type net.runelite.api.Client
[ERROR] /C:/Users/hp/Development/runelite/runelite-client/src/main/java/net/runelite/client/plugins/spellbook/SpellbookPlugin.java:[266,46] cannot find symbol
[ERROR]   symbol:   method getStringStackSize()
[ERROR]   location: variable client of type net.runelite.api.Client
[ERROR] /C:/Users/hp/Development/runelite/runelite-client/src/main/java/net/runelite/client/plugins/spellbook/SpellbookPlugin.java:[435,69] cannot find symbol
[ERROR]   symbol:   variable SPELLBOOK
[ERROR]   location: class net.runelite.client.plugins.spellbook.SpellbookPlugin
[ERROR] /C:/Users/hp/Development/runelite/runelite-client/src/main/java/net/runelite/client/plugins/spellbook/SpellbookPlugin.java:[459,56] cannot find symbol
[ERROR]   symbol:   variable SPELLBOOK_FILTERED_BOUNDS
[ERROR]   location: class net.runelite.client.plugins.spellbook.SpellbookPlugin
[ERROR] /C:/Users/hp/Development/runelite/runelite-client/src/main/java/net/runelite/client/plugins/spellbook/SpellbookPlugin.java:[467,30] cannot find symbol
[ERROR]   symbol:   method containsMouse()
[ERROR]   location: variable w of type net.runelite.api.widgets.Widget
[ERROR] /C:/Users/hp/Development/runelite/runelite-client/src/main/java/net/runelite/client/plugins/spellbook/SpellbookPlugin.java:[497,58] cannot find symbol
[ERROR]   symbol:   variable SPELLBOOK_FILTERED_BOUNDS
[ERROR]   location: class net.runelite.client.plugins.spellbook.SpellbookPlugin
[ERROR] /C:/Users/hp/Development/runelite/runelite-client/src/main/java/net/runelite/client/plugins/spellbook/SpellbookDragOverlay.java:[65,71] cannot find symbol
[ERROR]   symbol:   method getSprite()
[ERROR]   location: interface net.runelite.api.widgets.Widget
[ERROR] /C:/Users/hp/Development/runelite/runelite-client/src/main/java/net/runelite/client/plugins/effecttimers/EffectTimersPlugin.java:[141,39] cannot find symbol
[ERROR]   symbol:   method isAllPvpWorld(java.util.EnumSet<net.runelite.api.WorldType>)
[ERROR]   location: class net.runelite.api.WorldType
[ERROR] /C:/Users/hp/Development/runelite/runelite-client/src/main/java/net/runelite/client/plugins/effecttimers/EffectTimersPlugin.java:[150,43] cannot find symbol
[ERROR]   symbol:   method isDeadmanWorld(java.util.EnumSet<net.runelite.api.WorldType>)
[ERROR]   location: class net.runelite.api.WorldType
[ERROR] /C:/Users/hp/Development/runelite/runelite-client/src/main/java/net/runelite/client/plugins/externals/autoprayflick/AutoPrayFlickPlugin.java:[252,52] incompatible types: int cannot be converted to java.lang.String
[ERROR] /C:/Users/hp/Development/runelite/runelite-client/src/main/java/net/runelite/client/plugins/externals/autoprayflick/AutoPrayFlickPlugin.java:[256,39] cannot find symbol
[ERROR]   symbol:   method setVar(int,java.lang.String)
[ERROR]   location: variable client of type net.runelite.api.Client
[ERROR] /C:/Users/hp/Development/runelite/runelite-client/src/main/java/net/runelite/client/plugins/externals/utils/ExtUtils.java:[75,28] cannot find symbol
[ERROR]   symbol:   class GameObjectQuery
[ERROR]   location: class net.runelite.client.plugins.externals.utils.ExtUtils
[ERROR] /C:/Users/hp/Development/runelite/runelite-client/src/main/java/net/runelite/client/plugins/externals/utils/ExtUtils.java:[91,28] cannot find symbol
[ERROR]   symbol:   class WallObjectQuery
[ERROR]   location: class net.runelite.client.plugins.externals.utils.ExtUtils
[ERROR] /C:/Users/hp/Development/runelite/runelite-client/src/main/java/net/runelite/client/plugins/externals/utils/ExtUtils.java:[107,28] cannot find symbol
[ERROR]   symbol:   class DecorativeObjectQuery
[ERROR]   location: class net.runelite.client.plugins.externals.utils.ExtUtils
[ERROR] /C:/Users/hp/Development/runelite/runelite-client/src/main/java/net/runelite/client/plugins/externals/utils/ExtUtils.java:[123,28] cannot find symbol
[ERROR]   symbol:   class GroundObjectQuery
[ERROR]   location: class net.runelite.client.plugins.externals.utils.ExtUtils
[ERROR] /C:/Users/hp/Development/runelite/runelite-client/src/main/java/net/runelite/client/plugins/externals/utils/ExtUtils.java:[138,28] cannot find symbol
[ERROR]   symbol:   class GameObjectQuery
[ERROR]   location: class net.runelite.client.plugins.externals.utils.ExtUtils
[ERROR] /C:/Users/hp/Development/runelite/runelite-client/src/main/java/net/runelite/client/plugins/externals/utils/ExtUtils.java:[153,28] cannot find symbol
[ERROR]   symbol:   class WallObjectQuery
[ERROR]   location: class net.runelite.client.plugins.externals.utils.ExtUtils
[ERROR] /C:/Users/hp/Development/runelite/runelite-client/src/main/java/net/runelite/client/plugins/externals/utils/ExtUtils.java:[168,28] cannot find symbol
[ERROR]   symbol:   class DecorativeObjectQuery
[ERROR]   location: class net.runelite.client.plugins.externals.utils.ExtUtils
[ERROR] /C:/Users/hp/Development/runelite/runelite-client/src/main/java/net/runelite/client/plugins/externals/utils/ExtUtils.java:[183,28] cannot find symbol
[ERROR]   symbol:   class GroundObjectQuery
[ERROR]   location: class net.runelite.client.plugins.externals.utils.ExtUtils
[ERROR] /C:/Users/hp/Development/runelite/runelite-client/src/main/java/net/runelite/client/plugins/pvptools/PlayerCountOverlay.java:[59,42] cannot find symbol
[ERROR]   symbol:   method isDeadmanWorld(java.util.EnumSet<net.runelite.api.WorldType>)
[ERROR]   location: class net.runelite.api.WorldType
[ERROR] /C:/Users/hp/Development/runelite/runelite-client/src/main/java/net/runelite/client/plugins/pvptools/PlayerCountOverlay.java:[62,25] cannot find symbol
[ERROR]   symbol:   class TableComponent
[ERROR]   location: class net.runelite.client.plugins.pvptools.PlayerCountOverlay
[ERROR] /C:/Users/hp/Development/runelite/runelite-client/src/main/java/net/runelite/client/plugins/pvptools/PlayerCountOverlay.java:[62,61] cannot find symbol
[ERROR]   symbol:   class TableComponent
[ERROR]   location: class net.runelite.client.plugins.pvptools.PlayerCountOverlay
[ERROR] /C:/Users/hp/Development/runelite/runelite-client/src/main/java/net/runelite/client/plugins/pvptools/PlayerCountOverlay.java:[63,25] cannot find symbol
[ERROR]   symbol:   class TableElement
[ERROR]   location: class net.runelite.client.plugins.pvptools.PlayerCountOverlay
[ERROR] /C:/Users/hp/Development/runelite/runelite-client/src/main/java/net/runelite/client/plugins/pvptools/PlayerCountOverlay.java:[64,33] cannot find symbol
[ERROR]   symbol:   variable TableElement
[ERROR]   location: class net.runelite.client.plugins.pvptools.PlayerCountOverlay
[ERROR] /C:/Users/hp/Development/runelite/runelite-client/src/main/java/net/runelite/client/plugins/pvptools/PlayerCountOverlay.java:[65,33] cannot find symbol
[ERROR]   symbol:   variable TableElement
[ERROR]   location: class net.runelite.client.plugins.pvptools.PlayerCountOverlay
[ERROR] /C:/Users/hp/Development/runelite/runelite-client/src/main/java/net/runelite/client/plugins/pvptools/PlayerCountOverlay.java:[66,25] cannot find symbol
[ERROR]   symbol:   class TableRow
[ERROR]   location: class net.runelite.client.plugins.pvptools.PlayerCountOverlay
[ERROR] /C:/Users/hp/Development/runelite/runelite-client/src/main/java/net/runelite/client/plugins/pvptools/PlayerCountOverlay.java:[66,45] cannot find symbol
[ERROR]   symbol:   variable TableRow
[ERROR]   location: class net.runelite.client.plugins.pvptools.PlayerCountOverlay
[ERROR] /C:/Users/hp/Development/runelite/runelite-client/src/main/java/net/runelite/client/plugins/pvptools/PlayerCountOverlay.java:[67,25] cannot find symbol
[ERROR]   symbol:   class TableElement
[ERROR]   location: class net.runelite.client.plugins.pvptools.PlayerCountOverlay
[ERROR] /C:/Users/hp/Development/runelite/runelite-client/src/main/java/net/runelite/client/plugins/pvptools/PlayerCountOverlay.java:[68,33] cannot find symbol
[ERROR]   symbol:   variable TableElement
[ERROR]   location: class net.runelite.client.plugins.pvptools.PlayerCountOverlay
[ERROR] /C:/Users/hp/Development/runelite/runelite-client/src/main/java/net/runelite/client/plugins/pvptools/PlayerCountOverlay.java:[69,33] cannot find symbol
[ERROR]   symbol:   variable TableElement
[ERROR]   location: class net.runelite.client.plugins.pvptools.PlayerCountOverlay
[ERROR] /C:/Users/hp/Development/runelite/runelite-client/src/main/java/net/runelite/client/plugins/pvptools/PlayerCountOverlay.java:[70,25] cannot find symbol
[ERROR]   symbol:   class TableRow
[ERROR]   location: class net.runelite.client.plugins.pvptools.PlayerCountOverlay
[ERROR] /C:/Users/hp/Development/runelite/runelite-client/src/main/java/net/runelite/client/plugins/pvptools/PlayerCountOverlay.java:[70,46] cannot find symbol
[ERROR]   symbol:   variable TableRow
[ERROR]   location: class net.runelite.client.plugins.pvptools.PlayerCountOverlay
[ERROR] /C:/Users/hp/Development/runelite/runelite-client/src/main/java/net/runelite/client/plugins/pvptools/PvpToolsPlugin.java:[155,53] cannot find symbol
[ERROR]   symbol:   method getRenderSelf()
[ERROR]   location: variable client of type net.runelite.api.Client
[ERROR] /C:/Users/hp/Development/runelite/runelite-client/src/main/java/net/runelite/client/plugins/pvptools/PvpToolsPlugin.java:[329,47] cannot find symbol
[ERROR]   symbol:   method setHideFriendAttackOptions(boolean)
[ERROR]   location: variable client of type net.runelite.api.Client
[ERROR] /C:/Users/hp/Development/runelite/runelite-client/src/main/java/net/runelite/client/plugins/pvptools/PvpToolsPlugin.java:[330,47] cannot find symbol
[ERROR]   symbol:   method setHideClanmateAttackOptions(boolean)
[ERROR]   location: variable client of type net.runelite.api.Client
[ERROR] /C:/Users/hp/Development/runelite/runelite-client/src/main/java/net/runelite/client/plugins/pvptools/PvpToolsPlugin.java:[519,43] bad operand types for binary operator '!='
[ERROR]   first type:  int
[ERROR]   second type: <nulltype>
[ERROR] /C:/Users/hp/Development/runelite/runelite-client/src/main/java/net/runelite/client/plugins/pvptools/PvpToolsPlugin.java:[523,43] bad operand types for binary operator '=='
[ERROR]   first type:  int
[ERROR]   second type: <nulltype>
[ERROR] /C:/Users/hp/Development/runelite/runelite-client/src/main/java/net/runelite/client/plugins/pvptools/PvpToolsPlugin.java:[572,39] cannot find symbol
[ERROR]   symbol:   method setHideClanmateAttackOptions(boolean)
[ERROR]   location: variable client of type net.runelite.api.Client
[ERROR] /C:/Users/hp/Development/runelite/runelite-client/src/main/java/net/runelite/client/plugins/pvptools/PvpToolsPlugin.java:[573,39] cannot find symbol
[ERROR]   symbol:   method setHideFriendAttackOptions(boolean)
[ERROR]   location: variable client of type net.runelite.api.Client
[ERROR] /C:/Users/hp/Development/runelite/runelite-client/src/main/java/net/runelite/client/plugins/pvptools/PvpToolsPlugin.java:[576,39] cannot find symbol
[ERROR]   symbol:   method setHideFriendAttackOptions(boolean)
[ERROR]   location: variable client of type net.runelite.api.Client
[ERROR] /C:/Users/hp/Development/runelite/runelite-client/src/main/java/net/runelite/client/plugins/pvptools/PvpToolsPlugin.java:[577,39] cannot find symbol
[ERROR]   symbol:   method setHideClanmateAttackOptions(boolean)
[ERROR]   location: variable client of type net.runelite.api.Client
[ERROR] /C:/Users/hp/Development/runelite/runelite-client/src/main/java/net/runelite/client/plugins/pvptools/PvpToolsPlugin.java:[580,39] cannot find symbol
[ERROR]   symbol:   method setHideClanmateAttackOptions(boolean)
[ERROR]   location: variable client of type net.runelite.api.Client
[ERROR] /C:/Users/hp/Development/runelite/runelite-client/src/main/java/net/runelite/client/plugins/pvptools/PvpToolsPlugin.java:[581,39] cannot find symbol
[ERROR]   symbol:   method setHideFriendAttackOptions(boolean)
[ERROR]   location: variable client of type net.runelite.api.Client
[ERROR] /C:/Users/hp/Development/runelite/runelite-client/src/main/java/net/runelite/client/plugins/pvptools/PvpToolsPlugin.java:[596,39] cannot find symbol
[ERROR]   symbol:   method setHideClanmateCastOptions(boolean)
[ERROR]   location: variable client of type net.runelite.api.Client
[ERROR] /C:/Users/hp/Development/runelite/runelite-client/src/main/java/net/runelite/client/plugins/pvptools/PvpToolsPlugin.java:[597,39] cannot find symbol
[ERROR]   symbol:   method setHideFriendCastOptions(boolean)
[ERROR]   location: variable client of type net.runelite.api.Client
[ERROR] /C:/Users/hp/Development/runelite/runelite-client/src/main/java/net/runelite/client/plugins/pvptools/PvpToolsPlugin.java:[600,39] cannot find symbol
[ERROR]   symbol:   method setHideFriendCastOptions(boolean)
[ERROR]   location: variable client of type net.runelite.api.Client
[ERROR] /C:/Users/hp/Development/runelite/runelite-client/src/main/java/net/runelite/client/plugins/pvptools/PvpToolsPlugin.java:[601,39] cannot find symbol
[ERROR]   symbol:   method setHideClanmateCastOptions(boolean)
[ERROR]   location: variable client of type net.runelite.api.Client
[ERROR] /C:/Users/hp/Development/runelite/runelite-client/src/main/java/net/runelite/client/plugins/pvptools/PvpToolsPlugin.java:[604,39] cannot find symbol
[ERROR]   symbol:   method setHideClanmateCastOptions(boolean)
[ERROR]   location: variable client of type net.runelite.api.Client
[ERROR] /C:/Users/hp/Development/runelite/runelite-client/src/main/java/net/runelite/client/plugins/pvptools/PvpToolsPlugin.java:[605,39] cannot find symbol
[ERROR]   symbol:   method setHideFriendCastOptions(boolean)
[ERROR]   location: variable client of type net.runelite.api.Client
[ERROR] /C:/Users/hp/Development/runelite/runelite-client/src/main/java/net/runelite/client/plugins/pvptools/PvpToolsPlugin.java:[615,100] cannot find symbol
[ERROR]   symbol:   method isAllPvpWorld(java.util.EnumSet<net.runelite.api.WorldType>)
[ERROR]   location: class net.runelite.api.WorldType
[ERROR] /C:/Users/hp/Development/runelite/runelite-client/src/main/java/net/runelite/client/plugins/pvptools/PvpToolsPlugin.java:[626,39] cannot find symbol
[ERROR]   symbol:   method setHideFriendAttackOptions(boolean)
[ERROR]   location: variable client of type net.runelite.api.Client
[ERROR] /C:/Users/hp/Development/runelite/runelite-client/src/main/java/net/runelite/client/plugins/pvptools/PvpToolsPlugin.java:[627,39] cannot find symbol
[ERROR]   symbol:   method setHideClanmateAttackOptions(boolean)
[ERROR]   location: variable client of type net.runelite.api.Client
[ERROR] /C:/Users/hp/Development/runelite/runelite-client/src/main/java/net/runelite/client/plugins/pvptools/PvpToolsPlugin.java:[636,39] cannot find symbol
[ERROR]   symbol:   method setHideFriendCastOptions(boolean)
[ERROR]   location: variable client of type net.runelite.api.Client
[ERROR] /C:/Users/hp/Development/runelite/runelite-client/src/main/java/net/runelite/client/plugins/pvptools/PvpToolsPlugin.java:[637,39] cannot find symbol
[ERROR]   symbol:   method setHideClanmateCastOptions(boolean)
[ERROR]   location: variable client of type net.runelite.api.Client
[ERROR] /C:/Users/hp/Development/runelite/runelite-client/src/main/java/net/runelite/client/plugins/pvptools/PvpToolsPlugin.java:[640,31] cannot find symbol
[ERROR]   symbol:   method setUnhiddenCasts(java.util.HashSet<java.lang.String>)
[ERROR]   location: variable client of type net.runelite.api.Client
[ERROR] /C:/Users/hp/Development/runelite/runelite-client/src/main/java/net/runelite/client/plugins/pvptools/PvpToolsPlugin.java:[655,31] cannot find symbol
[ERROR]   symbol:   method setHideFriendAttackOptions(boolean)
[ERROR]   location: variable client of type net.runelite.api.Client
[ERROR] /C:/Users/hp/Development/runelite/runelite-client/src/main/java/net/runelite/client/plugins/pvptools/PvpToolsPlugin.java:[656,31] cannot find symbol
[ERROR]   symbol:   method setHideFriendCastOptions(boolean)
[ERROR]   location: variable client of type net.runelite.api.Client
[ERROR] /C:/Users/hp/Development/runelite/runelite-client/src/main/java/net/runelite/client/plugins/coxhelper/CoxPlugin.java:[245,53] cannot find symbol
[ERROR]   symbol:   variable OLM_BURN
[ERROR]   location: class net.runelite.api.GraphicID
[ERROR] /C:/Users/hp/Development/runelite/runelite-client/src/main/java/net/runelite/client/plugins/coxhelper/Olm.java:[231,51] cannot find symbol
[ERROR]   symbol:   variable OLM_TELEPORT
[ERROR]   location: class net.runelite.api.GraphicID
[ERROR] /C:/Users/hp/Development/runelite/runelite-client/src/main/java/net/runelite/client/plugins/coxhelper/Olm.java:[235,51] cannot find symbol
[ERROR]   symbol:   variable OLM_HEAL
[ERROR]   location: class net.runelite.api.GraphicID
[ERROR] /C:/Users/hp/Development/runelite/runelite-client/src/main/java/net/runelite/client/plugins/coxhelper/Olm.java:[258,107] cannot find symbol
[ERROR]   symbol:   method getAnimationID()
[ERROR]   location: interface net.runelite.api.DynamicObject
[ERROR] /C:/Users/hp/Development/runelite/runelite-client/src/main/java/net/runelite/client/plugins/coxhelper/Olm.java:[290,107] cannot find symbol
[ERROR]   symbol:   method getAnimationID()
[ERROR]   location: interface net.runelite.api.DynamicObject
[ERROR] /C:/Users/hp/Development/runelite/runelite-client/src/main/java/net/runelite/client/plugins/coxhelper/CoxInfoBox.java:[117,33] cannot find symbol
[ERROR]   symbol:   class TableComponent
[ERROR]   location: class net.runelite.client.plugins.coxhelper.CoxInfoBox
[ERROR] /C:/Users/hp/Development/runelite/runelite-client/src/main/java/net/runelite/client/plugins/coxhelper/CoxInfoBox.java:[117,69] cannot find symbol
[ERROR]   symbol:   class TableComponent
[ERROR]   location: class net.runelite.client.plugins.coxhelper.CoxInfoBox
[ERROR] -> [Help 1]
[ERROR] 
[ERROR] To see the full stack trace of the errors, re-run Maven with the -e switch.
[ERROR] Re-run Maven using the -X switch to enable full debug logging.
[ERROR] 
[ERROR] For more information about the errors and possible solutions, please read the following articles:
[ERROR] [Help 1] http://cwiki.apache.org/confluence/display/MAVEN/MojoFailureException
[ERROR] 
[ERROR] After correcting the problems, you can resume the build with the command
[ERROR]   mvn <args> -rf :client
